// Jest Snapshot v1, https://goo.gl/fbAQLP

exports[`TeamSection renders correct 1`] = `
<section
  className="dark full team"
>
  <div
    className="container"
  >
    <h2>
      name
    </h2>
    <h3
      class="section-tag"
    >
      tag
    </h3>
    <div
      className="container py-3"
    >
      <div
        className="row justify-content-center"
      >
        <div
          className="col-12 col-md-10 col-xl-8"
        >
          <div
            className="row justify-content-center"
          >
            <div
              className="card col-6 col-sm-4 col-md-3"
            >
              <div
                className="card-picture"
              >
                <img
                  alt="Person"
                  className="picture"
                  sizes="(max-width: 140px) 100vw, 140px"
                  src="test-file-stub"
                />
              </div>
              <div
                className="card-content"
              >
                <div
                  className="text-center"
                >
                  <span
                    className="card-person name"
                  >
                    Joshua Sawyer
                  </span>
                  <br />
                  <span
                    className="card-person role"
                  >
                    President
                  </span>
                </div>
              </div>
            </div>
          </div>
        </div>
      </div>
    </div>
  </div>
</section>
`;
